---
source: crates/pixtuoid-core/tests/sources/conformance.rs
expression: events
---
- ActivityStart:
    agent_id: 5893914776247809446
    tool_use_id: ag-2-0
    detail:
      Generic:
        display: "search_web: What is Google Cloud Run?"
- ActivityEnd:
    agent_id: 5893914776247809446
    tool_use_id: ag-2-0
