---
source: crates/pixtuoid-core/tests/sources/conformance.rs
expression: events
---
- SessionStart:
    agent_id: 13282019020037904231
    source: kimi
    session_id: session_abc
    cwd: /Users/dev/proj
    parent_id: ~
- Identity:
    agent_id: 13282019020037904231
    source: kimi
    session_id: session_abc
    cwd: /Users/dev/proj
- ActivityStart:
    agent_id: 13282019020037904231
    tool_use_id: t1
    detail:
      Generic:
        display: "Bash: ls -la"
- Identity:
    agent_id: 13282019020037904231
    source: kimi
    session_id: session_abc
    cwd: /Users/dev/proj
- ActivityEnd:
    agent_id: 13282019020037904231
    tool_use_id: t1
- Identity:
    agent_id: 13282019020037904231
    source: kimi
    session_id: session_abc
    cwd: /Users/dev/proj
- ActivityStart:
    agent_id: 13282019020037904231
    tool_use_id: t2
    detail:
      Generic:
        display: "Read: /Users/dev/proj/README.md"
- Identity:
    agent_id: 13282019020037904231
    source: kimi
    session_id: session_abc
    cwd: /Users/dev/proj
- ActivityEnd:
    agent_id: 13282019020037904231
    tool_use_id: t2
- Identity:
    agent_id: 13282019020037904231
    source: kimi
    session_id: session_abc
    cwd: /Users/dev/proj
- Waiting:
    agent_id: 13282019020037904231
    reason: permission
- ActivityEnd:
    agent_id: 13282019020037904231
    tool_use_id: ~
- ActivityEnd:
    agent_id: 13282019020037904231
    tool_use_id: ~
- SessionEnd:
    agent_id: 13282019020037904231
    as_child: false
